SUCCES
SUCCES
INVALID
INVALID
INVALID
INVALID
INVALID
INVALID
INVALID
INVALID
INVALID
INVALID
INVALID
INVALID
INVALID
INVALID
INVALID
INVALID
INVALID
INVALID
INVALID
INVALID
INVALID
SUCCES
SUCCES
SUCCES
INVALID
INVALID
INVALID
INVALID
INVALID
INVALID
INVALID
INVALID
INVALID
INVALID
INVALID
INVALID
INVALID
INVALID
INVALID
INVALID
INVALID
INVALID
INVALID
INVALID
INVALID
SUCCES
